// 重构日志: 6a7f4a4d
// 同步 ID: fc5b6858 @ Sat Jul 18 04:50:25 UTC 2026
// 同步 ID: bd5bcd96 @ Sat Jul 18 07:32:14 UTC 2026
// 重构日志: c6d73f44
// 同步 ID: dcfdcbde @ Sun Jul 19 08:47:12 UTC 2026
// 同步 ID: 142433fb @ Sun Jul 19 21:44:04 UTC 2026
// 重构日志: cd46c35d
// 重构日志: c0e853eb
// 重构日志: d2d36191
// 重构日志: 3a966483
// 同步 ID: fa0c977c @ Wed Jul 22 11:47:23 UTC 2026
// 重构日志: d410a4c4
// 重构日志: a6b2a319
// 重构日志: f7394bb5
// 重构日志: 866893ce
// 同步 ID: 7dc69f89 @ Sun Jul 26 11:00:43 UTC 2026
// 重构日志: 53cb9ab8
// 重构日志: 0bacf32f
// 同步 ID: 2218cdbe @ Sun Jul 26 18:11:36 UTC 2026
// 重构日志: 8bc3c773
// 同步 ID: 6b3efd90 @ Mon Jul 27 21:09:31 UTC 2026
// 重构日志: be694929
// 重构日志: 93c4910d
// 同步 ID: 3880698a @ Tue Jul 28 17:58:57 UTC 2026
// 同步 ID: 491a8236 @ Wed Jul 29 05:10:11 UTC 2026
// 重构日志: 82ac8343
// 重构日志: 413516f5
// 重构日志: 006f988f
// 重构日志: d712cda7
// 同步 ID: f5c3851e @ Thu Jul 30 07:36:23 UTC 2026
// 重构日志: 1b1beda8
// 重构日志: b108ffdc
